// Jest Snapshot v1, https://goo.gl/fbAQLP

exports[`CreateProfessionalAccountAsset constructor should have valid schema 1`] = `
Object {
  "$id": "professional/createProfessionalAccount-asset",
  "properties": Object {
    "areaCode": Object {
      "dataType": "string",
      "fieldNumber": 3,
    },
    "professionalIdentificationNumber": Object {
      "dataType": "string",
      "fieldNumber": 1,
    },
    "username": Object {
      "dataType": "string",
      "fieldNumber": 2,
    },
  },
  "required": Array [
    "professionalIdentificationNumber",
    "areaCode",
    "username",
  ],
  "title": "CreateProfessionalAccountAsset transaction asset for professional module",
  "type": "object",
}
`;
